>>> add_integer = __import__('0-add_integer').add_integer
>>> print(add_integer(1, 2))
3
>>> print(add_integer(100, -2))
98
>>> print(add_integer(100))
198
>>> print(add_integer(100.52, 85))
185
>>> print(add_integer(100.52, school))
Traceback (most recent call last):
  File "<stdin>", line 1, in <module>
NameError: name 'school' is not defined
>>> print(add_integer(None))
Traceback (most recent call last):
  File "<stdin>", line 1, in <module>
  File "/home/bene/Desktop/alx-revision/python/0x07-python-test_driven_development/0-add_integer.py", line 12, in add_integer
    raise TypeError("a must be an integer")
TypeError: a must be an integer
>>> print(add_integer(98, None))
Traceback (most recent call last):
  File "<stdin>", line 1, in <module>
  File "/home/bene/Desktop/alx-revision/python/0x07-python-test_driven_development/0-add_integer.py", line 14, in add_integer
    raise TypeError("b must be an integer")
TypeError: b must be an integer
